 FICHIERS UTILISES
 round_topogra.pgm                                                       round_reflect.pgm                                                       urban_RH70_0.4980um.mie.out                                             
 Longueur d'onde (nm):   498.000000      epaisseur optique:  0.400000006    
 Zone de diffusion:   0.00000000      m
 Saut de diffusion:          71
 Portee de la reflexion:   15.0000000      m
 Position observateur(x,y,z)         151         151           1
 Angle d elevation:   8.00000000      angle azim (horaire      p/r au nord)   0.00000000    
 Largeur du domaine [NS](m):   301000.000     #cases:         301
 Largeur du domaine [EO](m):   301000.000     #cases:         301
 Taille d'une cellule (m):   1000.00000      X    1000.00000    
 latitu sud-ouest:   45.5299988      Longitude sud-ouest:  -71.2799988    
 ==================================================
  Avancement le long de la ligne de visee :           1 /         175 (         151 ,         151 )
  Hauteur de la cible   =  0.250000000      m
  Epaisseur de la cible =  0.500000000      m
  Flux capteur          =   1.00000000    
  Flux capteur cumule   =   0.00000000    
 ==================================================
  Avancement le long de la ligne de visee :           2 /         175 (         151 ,         151 )
  Hauteur de la cible   =  0.800000012      m
  Epaisseur de la cible =  0.600000024      m
  Turning on lamp           1
  Flux capteur          =   4.56747905E-15
  Flux capteur cumule   =   4.56747905E-15
 ==================================================
  Avancement le long de la ligne de visee :           3 /         175 (         151 ,         151 )
  Hauteur de la cible   =   1.46000004      m
  Epaisseur de la cible =  0.720000029      m
  Turning on lamp           1
  Flux capteur          =   1.13153977E-15
  Flux capteur cumule   =   5.69901893E-15
 ==================================================
  Avancement le long de la ligne de visee :           4 /         175 (         151 ,         151 )
  Hauteur de la cible   =   2.25000000      m
  Epaisseur de la cible =  0.860000014      m
  Turning on lamp           1
  Flux capteur          =   4.94098300E-16
  Flux capteur cumule   =   6.19311739E-15
 ==================================================
  Avancement le long de la ligne de visee :           5 /         175 (         151 ,         151 )
  Hauteur de la cible   =   3.20000005      m
  Epaisseur de la cible =   1.03999996      m
  Turning on lamp           1
  Flux capteur          =   2.74601755E-16
  Flux capteur cumule   =   6.46771912E-15
 ==================================================
  Avancement le long de la ligne de visee :           6 /         175 (         151 ,         151 )
  Hauteur de la cible   =   4.34999990      m
  Epaisseur de la cible =   1.25999999      m
  Turning on lamp           1
  Flux capteur          =   1.71854978E-16
  Flux capteur cumule   =   6.63957406E-15
 ==================================================
  Avancement le long de la ligne de visee :           7 /         175 (         151 ,         151 )
  Hauteur de la cible   =   5.73999977      m
  Epaisseur de la cible =   1.51999998      m
  Turning on lamp           1
  Flux capteur          =   1.15597127E-16
  Flux capteur cumule   =   6.75517119E-15
 ==================================================
  Avancement le long de la ligne de visee :           8 /         175 (         151 ,         151 )
  Hauteur de la cible   =   7.42000008      m
  Epaisseur de la cible =   1.84000003      m
  Turning on lamp           1
  Flux capteur          =   3.11802436E-16
  Flux capteur cumule   =   7.06697376E-15
 ==================================================
  Avancement le long de la ligne de visee :           9 /         175 (         151 ,         151 )
  Hauteur de la cible   =   9.44999981      m
  Epaisseur de la cible =   2.22000003      m
  Turning on lamp           1
  Flux capteur          =   2.40012344E-16
  Flux capteur cumule   =   7.30698647E-15
 ==================================================
  Avancement le long de la ligne de visee :          10 /         175 (         151 ,         151 )
  Hauteur de la cible   =   11.8999996      m
  Epaisseur de la cible =   2.68000007      m
  Turning on lamp           1
  Flux capteur          =   1.80724935E-16
  Flux capteur cumule   =   7.48771111E-15
 ==================================================
  Avancement le long de la ligne de visee :          11 /         175 (         151 ,         151 )
  Hauteur de la cible   =   14.8599997      m
  Epaisseur de la cible =   3.24000001      m
  Turning on lamp           1
  Flux capteur          =   1.37809296E-16
  Flux capteur cumule   =   7.62552083E-15
 ==================================================
  Avancement le long de la ligne de visee :          12 /         175 (         151 ,         151 )
  Hauteur de la cible   =   18.4400005      m
  Epaisseur de la cible =   3.92000008      m
  Turning on lamp           1
  Flux capteur          =   1.05963928E-16
  Flux capteur cumule   =   7.73148466E-15
 ==================================================
  Avancement le long de la ligne de visee :          13 /         175 (         151 ,         151 )
  Hauteur de la cible   =   22.7700005      m
  Epaisseur de la cible =   4.73999977      m
  Turning on lamp           1
  Flux capteur          =   8.30061120E-17
  Flux capteur cumule   =   7.81449050E-15
 ==================================================
  Avancement le long de la ligne de visee :          14 /         175 (         151 ,         151 )
  Hauteur de la cible   =   28.0000000      m
  Epaisseur de la cible =   5.71999979      m
  Turning on lamp           1
  Flux capteur          =   6.54170229E-17
  Flux capteur cumule   =   7.87990770E-15
 ==================================================
  Avancement le long de la ligne de visee :          15 /         175 (         151 ,         151 )
  Hauteur de la cible   =   34.3100014      m
  Epaisseur de la cible =   6.90000010      m
  Turning on lamp           1
  Flux capteur          =   5.18997502E-17
  Flux capteur cumule   =   7.93180710E-15
 ==================================================
  Avancement le long de la ligne de visee :          16 /         175 (         151 ,         151 )
  Hauteur de la cible   =   41.9300003      m
  Epaisseur de la cible =   8.34000015      m
  Turning on lamp           1
  Flux capteur          =   4.17343920E-17
  Flux capteur cumule   =   7.97354126E-15
 ==================================================
  Avancement le long de la ligne de visee :          17 /         175 (         151 ,         151 )
  Hauteur de la cible   =   51.1399994      m
  Epaisseur de la cible =   10.0799999      m
  Turning on lamp           1
  Flux capteur          =   3.34875501E-17
  Flux capteur cumule   =   8.00702871E-15
 ==================================================
  Avancement le long de la ligne de visee :          18 /         175 (         151 ,         151 )
  Hauteur de la cible   =   62.2700005      m
  Epaisseur de la cible =   12.1800003      m
  Turning on lamp           1
  Flux capteur          =   2.72543339E-17
  Flux capteur cumule   =   8.03428284E-15
 ==================================================
  Avancement le long de la ligne de visee :          19 /         175 (         152 ,         151 )
  Hauteur de la cible   =   75.7200012      m
  Epaisseur de la cible =   14.7200003      m
  Turning on lamp           1
  Flux capteur          =   3.77506736E-17
  Flux capteur cumule   =   8.07203340E-15
 ==================================================
  Avancement le long de la ligne de visee :          20 /         175 (         152 ,         151 )
  Hauteur de la cible   =   91.9700012      m
  Epaisseur de la cible =   17.7800007      m
  Turning on lamp           1
  Flux capteur          =   3.19037805E-17
  Flux capteur cumule   =   8.10393690E-15
 ==================================================
  Avancement le long de la ligne de visee :          21 /         175 (         152 ,         151 )
  Hauteur de la cible   =   111.599998      m
  Epaisseur de la cible =   21.4799995      m
  Turning on lamp           1
  Flux capteur          =   2.60167361E-17
  Flux capteur cumule   =   8.12995352E-15
 ==================================================
  Avancement le long de la ligne de visee :          22 /         175 (         152 ,         151 )
  Hauteur de la cible   =   135.309998      m
  Epaisseur de la cible =   25.9400005      m
  Turning on lamp           1
  Flux capteur          =   2.06744943E-17
  Flux capteur cumule   =   8.15062790E-15
 ==================================================
  Avancement le long de la ligne de visee :          23 /         175 (         152 ,         151 )
  Hauteur de la cible   =   163.949997      m
  Epaisseur de la cible =   31.3400002      m
  Turning on lamp           1
  Flux capteur          =   1.54536827E-17
  Flux capteur cumule   =   8.16608117E-15
 ==================================================
  Avancement le long de la ligne de visee :          24 /         175 (         153 ,         151 )
  Hauteur de la cible   =   198.550003      m
  Epaisseur de la cible =   37.8600006      m
  Turning on lamp           1
  Flux capteur          =   3.64302849E-17
  Flux capteur cumule   =   8.20251121E-15
 ==================================================
  Avancement le long de la ligne de visee :          25 /         175 (         153 ,         151 )
  Hauteur de la cible   =   240.350006      m
  Epaisseur de la cible =   45.7400017      m
  Turning on lamp           1
  Flux capteur          =   2.70513488E-17
  Flux capteur cumule   =   8.22956290E-15
 ==================================================
  Avancement le long de la ligne de visee :          26 /         175 (         153 ,         151 )
  Hauteur de la cible   =   290.850006      m
  Epaisseur de la cible =   55.2599983      m
  Turning on lamp           1
  Flux capteur          =   1.79094645E-17
  Flux capteur cumule   =   8.24747256E-15
 ==================================================
  Avancement le long de la ligne de visee :          27 /         175 (         154 ,         151 )
  Hauteur de la cible   =   351.859985      m
  Epaisseur de la cible =   66.7600021      m
  Turning on lamp           1
  Flux capteur          =   1.91663191E-17
  Flux capteur cumule   =   8.26663922E-15
 ==================================================
  Avancement le long de la ligne de visee :          28 /         175 (         154 ,         151 )
  Hauteur de la cible   =   425.559998      m
  Epaisseur de la cible =   80.6399994      m
  Turning on lamp           1
  Flux capteur          =   1.24464105E-17
  Flux capteur cumule   =   8.27908553E-15
 ==================================================
  Avancement le long de la ligne de visee :          29 /         175 (         155 ,         151 )
  Hauteur de la cible   =   514.590027      m
  Epaisseur de la cible =   97.4199982      m
  Turning on lamp           1
  Flux capteur          =   1.14756917E-17
  Flux capteur cumule   =   8.29056113E-15
 ==================================================
  Avancement le long de la ligne de visee :          30 /         175 (         156 ,         151 )
  Hauteur de la cible   =   622.140015      m
  Epaisseur de la cible =   117.680000      m
  Turning on lamp           1
  Flux capteur          =   8.58943934E-18
  Flux capteur cumule   =   8.29915089E-15
 ==================================================
  Avancement le long de la ligne de visee :          31 /         175 (         157 ,         151 )
  Hauteur de la cible   =   752.059998      m
  Epaisseur de la cible =   142.160004      m
  Turning on lamp           1
  Flux capteur          =   5.79486507E-18
  Flux capteur cumule   =   8.30494544E-15
 ==================================================
  Avancement le long de la ligne de visee :          32 /         175 (         158 ,         151 )
  Hauteur de la cible   =   909.000000      m
  Epaisseur de la cible =   171.720001      m
  Turning on lamp           1
  Flux capteur          =   3.39614014E-18
  Flux capteur cumule   =   8.30834120E-15
 ==================================================
  Avancement le long de la ligne de visee :          33 /         175 (         159 ,         151 )
  Hauteur de la cible   =   1098.57996      m
  Epaisseur de la cible =   207.440002      m
  Turning on lamp           1
  Flux capteur          =   2.18404302E-18
  Flux capteur cumule   =   8.31052485E-15
 ==================================================
  Avancement le long de la ligne de visee :          34 /         175 (         160 ,         151 )
  Hauteur de la cible   =   1327.58997      m
  Epaisseur de la cible =   250.580002      m
  Turning on lamp           1
  Flux capteur          =   1.22397998E-18
  Flux capteur cumule   =   8.31174881E-15
 ==================================================
  Avancement le long de la ligne de visee :          35 /         175 (         161 ,         151 )
  Hauteur de la cible   =   1604.22998      m
  Epaisseur de la cible =   302.700012      m
  Turning on lamp           1
  Flux capteur          =   6.98518303E-19
  Flux capteur cumule   =   8.31244761E-15
 ===================================================
           Total flux entering instrument (W)
                    0.831E-14
             Sky luminance (W/str/m**2)          
                    0.265E-03
   
 Interpolation flux errror=    2.37169225E-20
 ===================================================
