 FICHIERS UTILISES
 round_topogra.pgm                                                       round_reflect.pgm                                                       urban_RH70_0.4980um.mie.out                                             
 Longueur d'onde (nm):   498.000000      epaisseur optique:  0.400000006    
 Zone de diffusion:   0.00000000      m
 Saut de diffusion:          71
 Portee de la reflexion:   15.0000000      m
 Position observateur(x,y,z)         181         151           1
 Angle d elevation:   8.00000000      angle azim (horaire      p/r au nord)   0.00000000    
 Largeur du domaine [NS](m):   301000.000     #cases:         301
 Largeur du domaine [EO](m):   301000.000     #cases:         301
 Taille d'une cellule (m):   1000.00000      X    1000.00000    
 latitu sud-ouest:   45.5299988      Longitude sud-ouest:  -71.2799988    
 ==================================================
  Avancement le long de la ligne de visee :           1 /         145
  Hauteur de la cible   =  0.250000000      m
  Epaisseur de la cible =  0.500000000      m
  Flux capteur          =   1.00000000    
  Flux capteur cumule   =   0.00000000    
 ==================================================
  Avancement le long de la ligne de visee :           2 /         145
  Hauteur de la cible   =  0.800000012      m
  Epaisseur de la cible =  0.600000024      m
  Turning on lamp           1
  Flux capteur          =   0.00000000    
  Flux capteur cumule   =   0.00000000    
 ==================================================
  Avancement le long de la ligne de visee :           3 /         145
  Hauteur de la cible   =   1.46000004      m
  Epaisseur de la cible =  0.720000029      m
  Turning on lamp           1
  Flux capteur          =   0.00000000    
  Flux capteur cumule   =   0.00000000    
 ==================================================
  Avancement le long de la ligne de visee :           4 /         145
  Hauteur de la cible   =   2.25000000      m
  Epaisseur de la cible =  0.860000014      m
  Turning on lamp           1
  Flux capteur          =   0.00000000    
  Flux capteur cumule   =   0.00000000    
 ==================================================
  Avancement le long de la ligne de visee :           5 /         145
  Hauteur de la cible   =   3.20000005      m
  Epaisseur de la cible =   1.03999996      m
  Turning on lamp           1
  Flux capteur          =   0.00000000    
  Flux capteur cumule   =   0.00000000    
 ==================================================
  Avancement le long de la ligne de visee :           6 /         145
  Hauteur de la cible   =   4.34999990      m
  Epaisseur de la cible =   1.25999999      m
  Turning on lamp           1
  Flux capteur          =   0.00000000    
  Flux capteur cumule   =   0.00000000    
 ==================================================
  Avancement le long de la ligne de visee :           7 /         145
  Hauteur de la cible   =   5.73999977      m
  Epaisseur de la cible =   1.51999998      m
  Turning on lamp           1
  Flux capteur          =   0.00000000    
  Flux capteur cumule   =   0.00000000    
 ==================================================
  Avancement le long de la ligne de visee :           8 /         145
  Hauteur de la cible   =   7.42000008      m
  Epaisseur de la cible =   1.84000003      m
  Turning on lamp           1
  Flux capteur          =   3.16944882E-20
  Flux capteur cumule   =   3.16944882E-20
 ==================================================
  Avancement le long de la ligne de visee :           9 /         145
  Hauteur de la cible   =   9.44999981      m
  Epaisseur de la cible =   2.22000003      m
  Turning on lamp           1
  Flux capteur          =   2.33408171E-20
  Flux capteur cumule   =   5.50353053E-20
 ==================================================
  Avancement le long de la ligne de visee :          10 /         145
  Hauteur de la cible   =   11.8999996      m
  Epaisseur de la cible =   2.68000007      m
  Turning on lamp           1
  Flux capteur          =   1.76750370E-20
  Flux capteur cumule   =   7.27103391E-20
 ==================================================
  Avancement le long de la ligne de visee :          11 /         145
  Hauteur de la cible   =   14.8599997      m
  Epaisseur de la cible =   3.24000001      m
  Turning on lamp           1
  Flux capteur          =   1.37008510E-20
  Flux capteur cumule   =   8.64111900E-20
 ==================================================
  Avancement le long de la ligne de visee :          12 /         145
  Hauteur de la cible   =   18.4400005      m
  Epaisseur de la cible =   3.92000008      m
  Turning on lamp           1
  Flux capteur          =   1.07774889E-20
  Flux capteur cumule   =   9.71886813E-20
 ==================================================
  Avancement le long de la ligne de visee :          13 /         145
  Hauteur de la cible   =   22.7700005      m
  Epaisseur de la cible =   4.73999977      m
  Turning on lamp           1
  Flux capteur          =   8.60926270E-21
  Flux capteur cumule   =   1.05797945E-19
 ==================================================
  Avancement le long de la ligne de visee :          14 /         145
  Hauteur de la cible   =   28.0000000      m
  Epaisseur de la cible =   5.71999979      m
  Turning on lamp           1
  Flux capteur          =   6.93587066E-21
  Flux capteur cumule   =   1.12733809E-19
 ==================================================
  Avancement le long de la ligne de visee :          15 /         145
  Hauteur de la cible   =   34.3100014      m
  Epaisseur de la cible =   6.90000010      m
  Turning on lamp           1
  Flux capteur          =   5.63312865E-21
  Flux capteur cumule   =   1.18366935E-19
 ==================================================
  Avancement le long de la ligne de visee :          16 /         145
  Hauteur de la cible   =   41.9300003      m
  Epaisseur de la cible =   8.34000015      m
  Turning on lamp           1
  Flux capteur          =   4.64929869E-21
  Flux capteur cumule   =   1.23016233E-19
 ==================================================
  Avancement le long de la ligne de visee :          17 /         145
  Hauteur de la cible   =   51.1399994      m
  Epaisseur de la cible =   10.0799999      m
  Turning on lamp           1
  Flux capteur          =   3.84932658E-21
  Flux capteur cumule   =   1.26865557E-19
 ==================================================
  Avancement le long de la ligne de visee :          18 /         145
  Hauteur de la cible   =   62.2700005      m
  Epaisseur de la cible =   12.1800003      m
  Turning on lamp           1
  Flux capteur          =   3.23737731E-21
  Flux capteur cumule   =   1.30102935E-19
 ==================================================
  Avancement le long de la ligne de visee :          19 /         145
  Hauteur de la cible   =   75.7200012      m
  Epaisseur de la cible =   14.7200003      m
  Turning on lamp           1
  Flux capteur          =   7.48348897E-22
  Flux capteur cumule   =   1.30851288E-19
 ==================================================
  Avancement le long de la ligne de visee :          20 /         145
  Hauteur de la cible   =   91.9700012      m
  Epaisseur de la cible =   17.7800007      m
  Turning on lamp           1
  Flux capteur          =   7.57677751E-22
  Flux capteur cumule   =   1.31608959E-19
 ==================================================
  Avancement le long de la ligne de visee :          21 /         145
  Hauteur de la cible   =   111.599998      m
  Epaisseur de la cible =   21.4799995      m
  Turning on lamp           1
  Flux capteur          =   7.76939286E-22
  Flux capteur cumule   =   1.32385901E-19
 ==================================================
  Avancement le long de la ligne de visee :          22 /         145
  Hauteur de la cible   =   135.309998      m
  Epaisseur de la cible =   25.9400005      m
  Turning on lamp           1
  Flux capteur          =   7.91607858E-22
  Flux capteur cumule   =   1.33177513E-19
 ==================================================
  Avancement le long de la ligne de visee :          23 /         145
  Hauteur de la cible   =   163.949997      m
  Epaisseur de la cible =   31.3400002      m
  Turning on lamp           1
  Flux capteur          =   8.27148553E-22
  Flux capteur cumule   =   1.34004668E-19
 ==================================================
  Avancement le long de la ligne de visee :          24 /         145
  Hauteur de la cible   =   198.550003      m
  Epaisseur de la cible =   37.8600006      m
  Turning on lamp           1
  Flux capteur          =   1.31844269E-21
  Flux capteur cumule   =   1.35323116E-19
 ==================================================
  Avancement le long de la ligne de visee :          25 /         145
  Hauteur de la cible   =   240.350006      m
  Epaisseur de la cible =   45.7400017      m
  Turning on lamp           1
  Flux capteur          =   1.38005058E-21
  Flux capteur cumule   =   1.36703164E-19
 ==================================================
  Avancement le long de la ligne de visee :          26 /         145
  Hauteur de la cible   =   290.850006      m
  Epaisseur de la cible =   55.2599983      m
  Turning on lamp           1
  Flux capteur          =   1.42712142E-21
  Flux capteur cumule   =   1.38130283E-19
 ==================================================
  Avancement le long de la ligne de visee :          27 /         145
  Hauteur de la cible   =   351.859985      m
  Epaisseur de la cible =   66.7600021      m
  Turning on lamp           1
  Flux capteur          =   1.51295282E-21
  Flux capteur cumule   =   1.39643235E-19
 ==================================================
  Avancement le long de la ligne de visee :          28 /         145
  Hauteur de la cible   =   425.559998      m
  Epaisseur de la cible =   80.6399994      m
  Turning on lamp           1
  Flux capteur          =   1.63755730E-21
  Flux capteur cumule   =   1.41280794E-19
 ==================================================
  Avancement le long de la ligne de visee :          29 /         145
  Hauteur de la cible   =   514.590027      m
  Epaisseur de la cible =   97.4199982      m
  Turning on lamp           1
  Flux capteur          =   1.50418614E-21
  Flux capteur cumule   =   1.42784983E-19
 ==================================================
  Avancement le long de la ligne de visee :          30 /         145
  Hauteur de la cible   =   622.140015      m
  Epaisseur de la cible =   117.680000      m
  Turning on lamp           1
  Flux capteur          =   1.36282580E-21
  Flux capteur cumule   =   1.44147815E-19
 ==================================================
  Avancement le long de la ligne de visee :          31 /         145
  Hauteur de la cible   =   752.059998      m
  Epaisseur de la cible =   142.160004      m
  Turning on lamp           1
  Flux capteur          =   1.07878953E-21
  Flux capteur cumule   =   1.45226601E-19
 ==================================================
  Avancement le long de la ligne de visee :          32 /         145
  Hauteur de la cible   =   909.000000      m
  Epaisseur de la cible =   171.720001      m
  Turning on lamp           1
  Flux capteur          =   8.28471820E-22
  Flux capteur cumule   =   1.46055074E-19
 ==================================================
  Avancement le long de la ligne de visee :          33 /         145
  Hauteur de la cible   =   1098.57996      m
  Epaisseur de la cible =   207.440002      m
  Turning on lamp           1
  Flux capteur          =   7.19609772E-22
  Flux capteur cumule   =   1.46774682E-19
 ==================================================
  Avancement le long de la ligne de visee :          34 /         145
  Hauteur de la cible   =   1327.58997      m
  Epaisseur de la cible =   250.580002      m
  Turning on lamp           1
  Flux capteur          =   5.85782663E-22
  Flux capteur cumule   =   1.47360468E-19
 ==================================================
  Avancement le long de la ligne de visee :          35 /         145
  Hauteur de la cible   =   1604.22998      m
  Epaisseur de la cible =   302.700012      m
  Turning on lamp           1
  Flux capteur          =   5.82880109E-22
  Flux capteur cumule   =   1.47943346E-19
 ==================================================
  Avancement le long de la ligne de visee :          36 /         145
  Hauteur de la cible   =   1604.22998      m
  Epaisseur de la cible =   302.700012      m
  Turning on lamp           1
  Flux capteur          =   4.07013731E-22
  Flux capteur cumule   =   1.48350358E-19
 ==================================================
  Avancement le long de la ligne de visee :          37 /         145
  Hauteur de la cible   =   1938.41003      m
  Epaisseur de la cible =   365.660004      m
  Turning on lamp           1
  Flux capteur          =   4.15482638E-22
  Flux capteur cumule   =   1.48765835E-19
 ==================================================
  Avancement le long de la ligne de visee :          38 /         145
  Hauteur de la cible   =   1938.41003      m
  Epaisseur de la cible =   365.660004      m
  Turning on lamp           1
  Flux capteur          =   2.96336445E-22
  Flux capteur cumule   =   1.49062173E-19
 ==================================================
  Avancement le long de la ligne de visee :          39 /         145
  Hauteur de la cible   =   1938.41003      m
  Epaisseur de la cible =   365.660004      m
  Turning on lamp           1
  Flux capteur          =   2.12534274E-22
  Flux capteur cumule   =   1.49274706E-19
 ==================================================
  Avancement le long de la ligne de visee :          40 /         145
  Hauteur de la cible   =   2342.10010      m
  Epaisseur de la cible =   441.720001      m
  Turning on lamp           1
  Flux capteur          =   2.15406889E-22
  Flux capteur cumule   =   1.49490109E-19
 ==================================================
  Avancement le long de la ligne de visee :          41 /         145
  Hauteur de la cible   =   2342.10010      m
  Epaisseur de la cible =   441.720001      m
  Turning on lamp           1
  Flux capteur          =   1.57814123E-22
  Flux capteur cumule   =   1.49647920E-19
 ==================================================
  Avancement le long de la ligne de visee :          42 /         145
  Hauteur de la cible   =   2342.10010      m
  Epaisseur de la cible =   441.720001      m
  Turning on lamp           1
  Flux capteur          =   1.15902271E-22
  Flux capteur cumule   =   1.49763829E-19
 ==================================================
  Avancement le long de la ligne de visee :          43 /         145
  Hauteur de la cible   =   2829.76001      m
  Epaisseur de la cible =   533.599976      m
  Turning on lamp           1
  Flux capteur          =   1.43000716E-22
  Flux capteur cumule   =   1.49906828E-19
 ==================================================
  Avancement le long de la ligne de visee :          44 /         145
  Hauteur de la cible   =   2829.76001      m
  Epaisseur de la cible =   533.599976      m
  Turning on lamp           1
  Flux capteur          =   1.08264104E-22
  Flux capteur cumule   =   1.50015098E-19
 ==================================================
  Avancement le long de la ligne de visee :          45 /         145
  Hauteur de la cible   =   2829.76001      m
  Epaisseur de la cible =   533.599976      m
  Turning on lamp           1
  Flux capteur          =   8.21435623E-23
  Flux capteur cumule   =   1.50097247E-19
 ==================================================
  Avancement le long de la ligne de visee :          46 /         145
  Hauteur de la cible   =   2829.76001      m
  Epaisseur de la cible =   533.599976      m
  Turning on lamp           1
  Flux capteur          =   6.17689322E-23
  Flux capteur cumule   =   1.50159014E-19
 ==================================================
  Avancement le long de la ligne de visee :          47 /         145
  Hauteur de la cible   =   3418.85010      m
  Epaisseur de la cible =   644.580017      m
  Turning on lamp           1
  Flux capteur          =   9.95598629E-23
  Flux capteur cumule   =   1.50258573E-19
 ==================================================
  Avancement le long de la ligne de visee :          48 /         145
  Hauteur de la cible   =   3418.85010      m
  Epaisseur de la cible =   644.580017      m
  Turning on lamp           1
  Flux capteur          =   7.85617866E-23
  Flux capteur cumule   =   1.50337130E-19
 ==================================================
  Avancement le long de la ligne de visee :          49 /         145
  Hauteur de la cible   =   3418.85010      m
  Epaisseur de la cible =   644.580017      m
  Turning on lamp           1
  Flux capteur          =   6.06139389E-23
  Flux capteur cumule   =   1.50397746E-19
 ==================================================
  Avancement le long de la ligne de visee :          50 /         145
  Hauteur de la cible   =   3418.85010      m
  Epaisseur de la cible =   644.580017      m
  Turning on lamp           1
  Flux capteur          =   4.67984790E-23
  Flux capteur cumule   =   1.50444547E-19
 ==================================================
  Avancement le long de la ligne de visee :          51 /         145
  Hauteur de la cible   =   3418.85010      m
  Epaisseur de la cible =   644.580017      m
  Turning on lamp           1
  Flux capteur          =   3.66411786E-23
  Flux capteur cumule   =   1.50481188E-19
 ==================================================
  Avancement le long de la ligne de visee :          52 /         145
  Hauteur de la cible   =   4130.47021      m
  Epaisseur de la cible =   778.659973      m
  Turning on lamp           1
  Flux capteur          =   5.05618914E-23
  Flux capteur cumule   =   1.50531750E-19
 ==================================================
  Avancement le long de la ligne de visee :          53 /         145
  Hauteur de la cible   =   4130.47021      m
  Epaisseur de la cible =   778.659973      m
  Turning on lamp           1
  Flux capteur          =   4.01377730E-23
  Flux capteur cumule   =   1.50571894E-19
 ==================================================
  Avancement le long de la ligne de visee :          54 /         145
  Hauteur de la cible   =   4130.47021      m
  Epaisseur de la cible =   778.659973      m
  Turning on lamp           1
  Flux capteur          =   3.25763960E-23
  Flux capteur cumule   =   1.50604464E-19
 ==================================================
  Avancement le long de la ligne de visee :          55 /         145
  Hauteur de la cible   =   4130.47021      m
  Epaisseur de la cible =   778.659973      m
  Turning on lamp           1
  Flux capteur          =   2.58449434E-23
  Flux capteur cumule   =   1.50630313E-19
 ==================================================
  Avancement le long de la ligne de visee :          56 /         145
  Hauteur de la cible   =   4130.47021      m
  Epaisseur de la cible =   778.659973      m
  Turning on lamp           1
  Flux capteur          =   2.05231694E-23
  Flux capteur cumule   =   1.50650838E-19
 ==================================================
  Avancement le long de la ligne de visee :          57 /         145
  Hauteur de la cible   =   4990.10986      m
  Epaisseur de la cible =   940.619995      m
  Turning on lamp           1
  Flux capteur          =   3.70789964E-23
  Flux capteur cumule   =   1.50687919E-19
 ==================================================
  Avancement le long de la ligne de visee :          58 /         145
  Hauteur de la cible   =   4990.10986      m
  Epaisseur de la cible =   940.619995      m
  Turning on lamp           1
  Flux capteur          =   3.02463092E-23
  Flux capteur cumule   =   1.50718162E-19
 ==================================================
  Avancement le long de la ligne de visee :          59 /         145
  Hauteur de la cible   =   4990.10986      m
  Epaisseur de la cible =   940.619995      m
  Turning on lamp           1
  Flux capteur          =   2.49215864E-23
  Flux capteur cumule   =   1.50743081E-19
 ==================================================
  Avancement le long de la ligne de visee :          60 /         145
  Hauteur de la cible   =   4990.10986      m
  Epaisseur de la cible =   940.619995      m
  Turning on lamp           1
  Flux capteur          =   2.02663447E-23
  Flux capteur cumule   =   1.50763347E-19
 ==================================================
  Avancement le long de la ligne de visee :          61 /         145
  Hauteur de la cible   =   4990.10986      m
  Epaisseur de la cible =   940.619995      m
  Turning on lamp           1
  Flux capteur          =   1.65595425E-23
  Flux capteur cumule   =   1.50779904E-19
 ==================================================
  Avancement le long de la ligne de visee :          62 /         145
  Hauteur de la cible   =   4990.10986      m
  Epaisseur de la cible =   940.619995      m
  Turning on lamp           1
  Flux capteur          =   1.37294583E-23
  Flux capteur cumule   =   1.50793630E-19
 ===================================================
           Total flux entering instrument (W)
                    0.151E-18
             Sky luminance (W/str/m**2)          
                    0.480E-08
   
 Interpolation flux errror=    1.42171668E-25
 ===================================================
