/home/graphycs1/hg/illumina/Test/urban_RH70_0.4980um.mie.out