 FICHIERS UTILISES
 round_topogra.pgm                                                       round_reflect.pgm                                                       urban_RH70_0.4980um.mie.out                                             
 Longueur d'onde (nm):   498.000000      epaisseur optique:  0.400000006    
 Zone de diffusion:   4000.00000      m
 Saut de diffusion:          71
 Portee de la reflexion:   15.0000000      m
 Position observateur(x,y,z)         151         151           1
 Angle d elevation:   90.0000000      angle azim (horaire      p/r au nord)   90.0000000    
 Largeur du domaine [NS](m):   301000.000     #cases:         301
 Largeur du domaine [EO](m):   301000.000     #cases:         301
 Taille d'une cellule (m):   1000.00000      X    1000.00000    
 latitu sud-ouest:   45.5299988      Longitude sud-ouest:  -71.2799988    
 ==================================================
  Avancement le long de la ligne de visee :           1 /          50 (         151 ,         151 )
  Hauteur de la cible   =  0.250000000      m
  Epaisseur de la cible =  0.500000000      m
  Flux capteur          =   1.00000000    
  Flux capteur cumule   =   0.00000000    
 ==================================================
  Avancement le long de la ligne de visee :           2 /          50 (         151 ,         151 )
  Hauteur de la cible   =  0.800000012      m
  Epaisseur de la cible =  0.600000024      m
  Turning on lamp           1
  Flux capteur          =   5.45095602E-15
  Flux capteur cumule   =   5.45095602E-15
 ==================================================
  Avancement le long de la ligne de visee :           3 /          50 (         151 ,         151 )
  Hauteur de la cible   =   1.46000004      m
  Epaisseur de la cible =  0.720000029      m
  Turning on lamp           1
  Flux capteur          =   1.34881781E-15
  Flux capteur cumule   =   6.79977382E-15
 ==================================================
  Avancement le long de la ligne de visee :           4 /          50 (         151 ,         151 )
  Hauteur de la cible   =   2.25000000      m
  Epaisseur de la cible =  0.860000014      m
  Turning on lamp           1
  Flux capteur          =   5.85762247E-16
  Flux capteur cumule   =   7.38553607E-15
 ==================================================
  Avancement le long de la ligne de visee :           5 /          50 (         151 ,         151 )
  Hauteur de la cible   =   3.20000005      m
  Epaisseur de la cible =   1.03999996      m
  Turning on lamp           1
  Flux capteur          =   3.24838221E-16
  Flux capteur cumule   =   7.71037405E-15
 ==================================================
  Avancement le long de la ligne de visee :           6 /          50 (         151 ,         151 )
  Hauteur de la cible   =   4.34999990      m
  Epaisseur de la cible =   1.25999999      m
  Turning on lamp           1
  Flux capteur          =   2.04707535E-16
  Flux capteur cumule   =   7.91508159E-15
 ==================================================
  Avancement le long de la ligne de visee :           7 /          50 (         151 ,         151 )
  Hauteur de la cible   =   5.73999977      m
  Epaisseur de la cible =   1.51999998      m
  Turning on lamp           1
  Flux capteur          =   1.36879293E-16
  Flux capteur cumule   =   8.05196127E-15
 ==================================================
  Avancement le long de la ligne de visee :           8 /          50 (         151 ,         151 )
  Hauteur de la cible   =   7.42000008      m
  Epaisseur de la cible =   1.84000003      m
  Turning on lamp           1
  Flux capteur          =   3.27733856E-16
  Flux capteur cumule   =   8.37969525E-15
 ==================================================
  Avancement le long de la ligne de visee :           9 /          50 (         151 ,         151 )
  Hauteur de la cible   =   9.44999981      m
  Epaisseur de la cible =   2.22000003      m
  Turning on lamp           1
  Flux capteur          =   2.51814425E-16
  Flux capteur cumule   =   8.63150968E-15
 ==================================================
  Avancement le long de la ligne de visee :          10 /          50 (         151 ,         151 )
  Hauteur de la cible   =   11.8999996      m
  Epaisseur de la cible =   2.68000007      m
  Turning on lamp           1
  Flux capteur          =   1.89256635E-16
  Flux capteur cumule   =   8.82076648E-15
 ==================================================
  Avancement le long de la ligne de visee :          11 /          50 (         151 ,         151 )
  Hauteur de la cible   =   14.8599997      m
  Epaisseur de la cible =   3.24000001      m
  Turning on lamp           1
  Flux capteur          =   1.44392621E-16
  Flux capteur cumule   =   8.96515934E-15
 ==================================================
  Avancement le long de la ligne de visee :          12 /          50 (         151 ,         151 )
  Hauteur de la cible   =   18.4400005      m
  Epaisseur de la cible =   3.92000008      m
  Turning on lamp           1
  Flux capteur          =   1.12422276E-16
  Flux capteur cumule   =   9.07758179E-15
 ==================================================
  Avancement le long de la ligne de visee :          13 /          50 (         151 ,         151 )
  Hauteur de la cible   =   22.7700005      m
  Epaisseur de la cible =   4.73999977      m
  Turning on lamp           1
  Flux capteur          =   8.71308184E-17
  Flux capteur cumule   =   9.16471268E-15
 ==================================================
  Avancement le long de la ligne de visee :          14 /          50 (         151 ,         151 )
  Hauteur de la cible   =   28.0000000      m
  Epaisseur de la cible =   5.71999979      m
  Turning on lamp           1
  Flux capteur          =   7.00070018E-17
  Flux capteur cumule   =   9.23471996E-15
 ==================================================
  Avancement le long de la ligne de visee :          15 /          50 (         151 ,         151 )
  Hauteur de la cible   =   34.3100014      m
  Epaisseur de la cible =   6.90000010      m
  Turning on lamp           1
  Flux capteur          =   5.47123065E-17
  Flux capteur cumule   =   9.28943236E-15
 ==================================================
  Avancement le long de la ligne de visee :          16 /          50 (         151 ,         151 )
  Hauteur de la cible   =   41.9300003      m
  Epaisseur de la cible =   8.34000015      m
  Turning on lamp           1
  Flux capteur          =   4.42099715E-17
  Flux capteur cumule   =   9.33364239E-15
 ==================================================
  Avancement le long de la ligne de visee :          17 /          50 (         151 ,         151 )
  Hauteur de la cible   =   51.1399994      m
  Epaisseur de la cible =   10.0799999      m
  Turning on lamp           1
  Flux capteur          =   3.58099292E-17
  Flux capteur cumule   =   9.36945240E-15
 ==================================================
  Avancement le long de la ligne de visee :          18 /          50 (         151 ,         151 )
  Hauteur de la cible   =   62.2700005      m
  Epaisseur de la cible =   12.1800003      m
  Turning on lamp           1
  Flux capteur          =   2.89673919E-17
  Flux capteur cumule   =   9.39842008E-15
 ==================================================
  Avancement le long de la ligne de visee :          19 /          50 (         151 ,         151 )
  Hauteur de la cible   =   75.7200012      m
  Epaisseur de la cible =   14.7200003      m
  Turning on lamp           1
  Flux capteur          =   2.35544113E-17
  Flux capteur cumule   =   9.42197438E-15
 ==================================================
  Avancement le long de la ligne de visee :          20 /          50 (         151 ,         151 )
  Hauteur de la cible   =   91.9700012      m
  Epaisseur de la cible =   17.7800007      m
  Turning on lamp           1
  Flux capteur          =   1.91834136E-17
  Flux capteur cumule   =   9.44115798E-15
 ==================================================
  Avancement le long de la ligne de visee :          21 /          50 (         151 ,         151 )
  Hauteur de la cible   =   111.599998      m
  Epaisseur de la cible =   21.4799995      m
  Turning on lamp           1
  Flux capteur          =   1.57272346E-17
  Flux capteur cumule   =   9.45688484E-15
 ==================================================
  Avancement le long de la ligne de visee :          22 /          50 (         151 ,         151 )
  Hauteur de la cible   =   135.309998      m
  Epaisseur de la cible =   25.9400005      m
  Turning on lamp           1
  Flux capteur          =   1.30417754E-17
  Flux capteur cumule   =   9.46992661E-15
 ==================================================
  Avancement le long de la ligne de visee :          23 /          50 (         151 ,         151 )
  Hauteur de la cible   =   163.949997      m
  Epaisseur de la cible =   31.3400002      m
  Turning on lamp           1
  Flux capteur          =   1.06309037E-17
  Flux capteur cumule   =   9.48055772E-15
 ==================================================
  Avancement le long de la ligne de visee :          24 /          50 (         151 ,         151 )
  Hauteur de la cible   =   198.550003      m
  Epaisseur de la cible =   37.8600006      m
  Turning on lamp           1
  Flux capteur          =   8.89420577E-18
  Flux capteur cumule   =   9.48945156E-15
 ==================================================
  Avancement le long de la ligne de visee :          25 /          50 (         151 ,         151 )
  Hauteur de la cible   =   240.350006      m
  Epaisseur de la cible =   45.7400017      m
  Turning on lamp           1
  Flux capteur          =   7.44108104E-18
  Flux capteur cumule   =   9.49689275E-15
 ==================================================
  Avancement le long de la ligne de visee :          26 /          50 (         151 ,         151 )
  Hauteur de la cible   =   290.850006      m
  Epaisseur de la cible =   55.2599983      m
  Turning on lamp           1
  Flux capteur          =   6.32161161E-18
  Flux capteur cumule   =   9.50321415E-15
 ==================================================
  Avancement le long de la ligne de visee :          27 /          50 (         151 ,         151 )
  Hauteur de la cible   =   351.859985      m
  Epaisseur de la cible =   66.7600021      m
  Turning on lamp           1
  Flux capteur          =   5.42905519E-18
  Flux capteur cumule   =   9.50864279E-15
 ==================================================
  Avancement le long de la ligne de visee :          28 /          50 (         151 ,         151 )
  Hauteur de la cible   =   425.559998      m
  Epaisseur de la cible =   80.6399994      m
  Turning on lamp           1
  Flux capteur          =   4.63193308E-18
  Flux capteur cumule   =   9.51327436E-15
 ==================================================
  Avancement le long de la ligne de visee :          29 /          50 (         151 ,         151 )
  Hauteur de la cible   =   514.590027      m
  Epaisseur de la cible =   97.4199982      m
  Turning on lamp           1
  Flux capteur          =   4.34494732E-18
  Flux capteur cumule   =   9.51761964E-15
 ==================================================
  Avancement le long de la ligne de visee :          30 /          50 (         151 ,         151 )
  Hauteur de la cible   =   622.140015      m
  Epaisseur de la cible =   117.680000      m
  Turning on lamp           1
  Flux capteur          =   3.73200111E-18
  Flux capteur cumule   =   9.52135167E-15
 ==================================================
  Avancement le long de la ligne de visee :          31 /          50 (         151 ,         151 )
  Hauteur de la cible   =   752.059998      m
  Epaisseur de la cible =   142.160004      m
  Turning on lamp           1
  Flux capteur          =   3.41201249E-18
  Flux capteur cumule   =   9.52476352E-15
 ==================================================
  Avancement le long de la ligne de visee :          32 /          50 (         151 ,         151 )
  Hauteur de la cible   =   909.000000      m
  Epaisseur de la cible =   171.720001      m
  Turning on lamp           1
  Flux capteur          =   3.08477943E-18
  Flux capteur cumule   =   9.52784841E-15
 ==================================================
  Avancement le long de la ligne de visee :          33 /          50 (         151 ,         151 )
  Hauteur de la cible   =   1098.57996      m
  Epaisseur de la cible =   207.440002      m
  Turning on lamp           1
  Flux capteur          =   3.85182029E-18
  Flux capteur cumule   =   9.53169987E-15
 ==================================================
  Avancement le long de la ligne de visee :          34 /          50 (         151 ,         151 )
  Hauteur de la cible   =   1327.58997      m
  Epaisseur de la cible =   250.580002      m
  Turning on lamp           1
  Flux capteur          =   2.81295754E-18
  Flux capteur cumule   =   9.53451287E-15
 ==================================================
  Avancement le long de la ligne de visee :          35 /          50 (         151 ,         151 )
  Hauteur de la cible   =   1604.22998      m
  Epaisseur de la cible =   302.700012      m
  Turning on lamp           1
  Flux capteur          =   2.96407785E-18
  Flux capteur cumule   =   9.53747664E-15
 ==================================================
  Avancement le long de la ligne de visee :          36 /          50 (         151 ,         151 )
  Hauteur de la cible   =   1938.41003      m
  Epaisseur de la cible =   365.660004      m
  Turning on lamp           1
  Flux capteur          =   2.62015456E-18
  Flux capteur cumule   =   9.54009651E-15
 ==================================================
  Avancement le long de la ligne de visee :          37 /          50 (         151 ,         151 )
  Hauteur de la cible   =   2342.10010      m
  Epaisseur de la cible =   441.720001      m
  Turning on lamp           1
  Flux capteur          =   2.42523193E-18
  Flux capteur cumule   =   9.54252156E-15
 ==================================================
  Avancement le long de la ligne de visee :          38 /          50 (         151 ,         151 )
  Hauteur de la cible   =   2829.76001      m
  Epaisseur de la cible =   533.599976      m
  Turning on lamp           1
  Flux capteur          =   2.24893886E-18
  Flux capteur cumule   =   9.54477044E-15
 ==================================================
  Avancement le long de la ligne de visee :          39 /          50 (         151 ,         151 )
  Hauteur de la cible   =   3418.85010      m
  Epaisseur de la cible =   644.580017      m
  Turning on lamp           1
  Flux capteur          =   2.07282714E-18
  Flux capteur cumule   =   9.54684313E-15
 ==================================================
  Avancement le long de la ligne de visee :          40 /          50 (         151 ,         151 )
  Hauteur de la cible   =   4130.47021      m
  Epaisseur de la cible =   778.659973      m
  Turning on lamp           1
  Flux capteur          =   1.72928166E-18
  Flux capteur cumule   =   9.54857277E-15
 ==================================================
  Avancement le long de la ligne de visee :          41 /          50 (         151 ,         151 )
  Hauteur de la cible   =   4990.10986      m
  Epaisseur de la cible =   940.619995      m
  Turning on lamp           1
  Flux capteur          =   1.48675427E-18
  Flux capteur cumule   =   9.55005931E-15
 ==================================================
  Avancement le long de la ligne de visee :          42 /          50 (         151 ,         151 )
  Hauteur de la cible   =   6028.54980      m
  Epaisseur de la cible =   1136.26001      m
  Turning on lamp           1
  Flux capteur          =   1.26242485E-18
  Flux capteur cumule   =   9.55132139E-15
 ==================================================
  Avancement le long de la ligne de visee :          43 /          50 (         151 ,         151 )
  Hauteur de la cible   =   7282.97998      m
  Epaisseur de la cible =   1372.59998      m
  Turning on lamp           1
  Flux capteur          =   1.02075959E-18
  Flux capteur cumule   =   9.55234206E-15
 ==================================================
  Avancement le long de la ligne de visee :          44 /          50 (         151 ,         151 )
  Hauteur de la cible   =   8798.33008      m
  Epaisseur de la cible =   1658.09998      m
  Turning on lamp           1
  Flux capteur          =   8.09968793E-19
  Flux capteur cumule   =   9.55315183E-15
 ===================================================
           Total flux entering instrument (W)
                    0.955E-14
             Sky luminance (W/str/m**2)          
                    0.304E-03
   
 Interpolation flux errror=    1.18584613E-20
 ===================================================
