 FICHIERS UTILISES
 round_topogra.pgm                                                       round_reflect.pgm                                                       urban_RH70_0.4980um.mie.out                                             
 Longueur d'onde (nm):   498.000000      epaisseur optique:  0.400000006    
 Zone de diffusion:   0.00000000      m
 Saut de diffusion:          71
 Portee de la reflexion:   15.0000000      m
 Position observateur(x,y,z)         181         151           1
 Angle d elevation:   8.00000000      angle azim (horaire      p/r au nord)   180.000000    
 Largeur du domaine [NS](m):   301000.000     #cases:         301
 Largeur du domaine [EO](m):   301000.000     #cases:         301
 Taille d'une cellule (m):   1000.00000      X    1000.00000    
 latitu sud-ouest:   45.5299988      Longitude sud-ouest:  -71.2799988    
 ==================================================
  Avancement le long de la ligne de visee :           1 /         205
  Hauteur de la cible   =  0.250000000      m
  Epaisseur de la cible =  0.500000000      m
  Flux capteur          =   1.00000000    
  Flux capteur cumule   =   0.00000000    
 ==================================================
  Avancement le long de la ligne de visee :           2 /         205
  Hauteur de la cible   =  0.800000012      m
  Epaisseur de la cible =  0.600000024      m
  Turning on lamp           1
  Flux capteur          =   0.00000000    
  Flux capteur cumule   =   0.00000000    
 ==================================================
  Avancement le long de la ligne de visee :           3 /         205
  Hauteur de la cible   =   1.46000004      m
  Epaisseur de la cible =  0.720000029      m
  Turning on lamp           1
  Flux capteur          =   0.00000000    
  Flux capteur cumule   =   0.00000000    
 ==================================================
  Avancement le long de la ligne de visee :           4 /         205
  Hauteur de la cible   =   2.25000000      m
  Epaisseur de la cible =  0.860000014      m
  Turning on lamp           1
  Flux capteur          =   0.00000000    
  Flux capteur cumule   =   0.00000000    
 ==================================================
  Avancement le long de la ligne de visee :           5 /         205
  Hauteur de la cible   =   3.20000005      m
  Epaisseur de la cible =   1.03999996      m
  Turning on lamp           1
  Flux capteur          =   0.00000000    
  Flux capteur cumule   =   0.00000000    
 ==================================================
  Avancement le long de la ligne de visee :           6 /         205
  Hauteur de la cible   =   4.34999990      m
  Epaisseur de la cible =   1.25999999      m
  Turning on lamp           1
  Flux capteur          =   0.00000000    
  Flux capteur cumule   =   0.00000000    
 ==================================================
  Avancement le long de la ligne de visee :           7 /         205
  Hauteur de la cible   =   5.73999977      m
  Epaisseur de la cible =   1.51999998      m
  Turning on lamp           1
  Flux capteur          =   0.00000000    
  Flux capteur cumule   =   0.00000000    
 ==================================================
  Avancement le long de la ligne de visee :           8 /         205
  Hauteur de la cible   =   7.42000008      m
  Epaisseur de la cible =   1.84000003      m
  Turning on lamp           1
  Flux capteur          =   3.16944882E-20
  Flux capteur cumule   =   3.16944882E-20
 ==================================================
  Avancement le long de la ligne de visee :           9 /         205
  Hauteur de la cible   =   9.44999981      m
  Epaisseur de la cible =   2.22000003      m
  Turning on lamp           1
  Flux capteur          =   2.33408171E-20
  Flux capteur cumule   =   5.50353053E-20
 ==================================================
  Avancement le long de la ligne de visee :          10 /         205
  Hauteur de la cible   =   11.8999996      m
  Epaisseur de la cible =   2.68000007      m
  Turning on lamp           1
  Flux capteur          =   1.76750370E-20
  Flux capteur cumule   =   7.27103391E-20
 ==================================================
  Avancement le long de la ligne de visee :          11 /         205
  Hauteur de la cible   =   14.8599997      m
  Epaisseur de la cible =   3.24000001      m
  Turning on lamp           1
  Flux capteur          =   1.37008510E-20
  Flux capteur cumule   =   8.64111900E-20
 ==================================================
  Avancement le long de la ligne de visee :          12 /         205
  Hauteur de la cible   =   18.4400005      m
  Epaisseur de la cible =   3.92000008      m
  Turning on lamp           1
  Flux capteur          =   1.07774889E-20
  Flux capteur cumule   =   9.71886813E-20
 ==================================================
  Avancement le long de la ligne de visee :          13 /         205
  Hauteur de la cible   =   22.7700005      m
  Epaisseur de la cible =   4.73999977      m
  Turning on lamp           1
  Flux capteur          =   8.60926270E-21
  Flux capteur cumule   =   1.05797945E-19
 ==================================================
  Avancement le long de la ligne de visee :          14 /         205
  Hauteur de la cible   =   28.0000000      m
  Epaisseur de la cible =   5.71999979      m
  Turning on lamp           1
  Flux capteur          =   6.93587066E-21
  Flux capteur cumule   =   1.12733809E-19
 ==================================================
  Avancement le long de la ligne de visee :          15 /         205
  Hauteur de la cible   =   34.3100014      m
  Epaisseur de la cible =   6.90000010      m
  Turning on lamp           1
  Flux capteur          =   5.63312865E-21
  Flux capteur cumule   =   1.18366935E-19
 ==================================================
  Avancement le long de la ligne de visee :          16 /         205
  Hauteur de la cible   =   41.9300003      m
  Epaisseur de la cible =   8.34000015      m
  Turning on lamp           1
  Flux capteur          =   4.64929869E-21
  Flux capteur cumule   =   1.23016233E-19
 ==================================================
  Avancement le long de la ligne de visee :          17 /         205
  Hauteur de la cible   =   51.1399994      m
  Epaisseur de la cible =   10.0799999      m
  Turning on lamp           1
  Flux capteur          =   3.84932658E-21
  Flux capteur cumule   =   1.26865557E-19
 ==================================================
  Avancement le long de la ligne de visee :          18 /         205
  Hauteur de la cible   =   62.2700005      m
  Epaisseur de la cible =   12.1800003      m
  Turning on lamp           1
  Flux capteur          =   3.23737731E-21
  Flux capteur cumule   =   1.30102935E-19
 ==================================================
  Avancement le long de la ligne de visee :          19 /         205
  Hauteur de la cible   =   75.7200012      m
  Epaisseur de la cible =   14.7200003      m
  Turning on lamp           1
  Flux capteur          =   4.34051879E-20
  Flux capteur cumule   =   1.73508126E-19
 ==================================================
  Avancement le long de la ligne de visee :          20 /         205
  Hauteur de la cible   =   91.9700012      m
  Epaisseur de la cible =   17.7800007      m
  Turning on lamp           1
  Flux capteur          =   3.83855587E-20
  Flux capteur cumule   =   2.11893688E-19
 ==================================================
  Avancement le long de la ligne de visee :          21 /         205
  Hauteur de la cible   =   111.599998      m
  Epaisseur de la cible =   21.4799995      m
  Turning on lamp           1
  Flux capteur          =   3.61525361E-20
  Flux capteur cumule   =   2.48046237E-19
 ==================================================
  Avancement le long de la ligne de visee :          22 /         205
  Hauteur de la cible   =   135.309998      m
  Epaisseur de la cible =   25.9400005      m
  Turning on lamp           1
  Flux capteur          =   2.95865606E-20
  Flux capteur cumule   =   2.77632807E-19
 ==================================================
  Avancement le long de la ligne de visee :          23 /         205
  Hauteur de la cible   =   163.949997      m
  Epaisseur de la cible =   31.3400002      m
  Turning on lamp           1
  Flux capteur          =   2.48623350E-20
  Flux capteur cumule   =   3.02495142E-19
 ==================================================
  Avancement le long de la ligne de visee :          24 /         205
  Hauteur de la cible   =   198.550003      m
  Epaisseur de la cible =   37.8600006      m
  Turning on lamp           1
  Flux capteur          =   1.05049456E-19
  Flux capteur cumule   =   4.07544598E-19
 ==================================================
  Avancement le long de la ligne de visee :          25 /         205
  Hauteur de la cible   =   240.350006      m
  Epaisseur de la cible =   45.7400017      m
  Turning on lamp           1
  Flux capteur          =   9.37089845E-20
  Flux capteur cumule   =   5.01253563E-19
 ==================================================
  Avancement le long de la ligne de visee :          26 /         205
  Hauteur de la cible   =   290.850006      m
  Epaisseur de la cible =   55.2599983      m
  Turning on lamp           1
  Flux capteur          =   7.57051271E-20
  Flux capteur cumule   =   5.76958684E-19
 ==================================================
  Avancement le long de la ligne de visee :          27 /         205
  Hauteur de la cible   =   351.859985      m
  Epaisseur de la cible =   66.7600021      m
  Turning on lamp           1
  Flux capteur          =   1.62915975E-19
  Flux capteur cumule   =   7.39874646E-19
 ==================================================
  Avancement le long de la ligne de visee :          28 /         205
  Hauteur de la cible   =   425.559998      m
  Epaisseur de la cible =   80.6399994      m
  Turning on lamp           1
  Flux capteur          =   1.34426672E-19
  Flux capteur cumule   =   8.74301370E-19
 ==================================================
  Avancement le long de la ligne de visee :          29 /         205
  Hauteur de la cible   =   514.590027      m
  Epaisseur de la cible =   97.4199982      m
  Turning on lamp           1
  Flux capteur          =   2.03935538E-19
  Flux capteur cumule   =   1.07823696E-18
 ==================================================
  Avancement le long de la ligne de visee :          30 /         205
  Hauteur de la cible   =   622.140015      m
  Epaisseur de la cible =   117.680000      m
  Turning on lamp           1
  Flux capteur          =   2.81344935E-19
  Flux capteur cumule   =   1.35958187E-18
 ==================================================
  Avancement le long de la ligne de visee :          31 /         205
  Hauteur de la cible   =   752.059998      m
  Epaisseur de la cible =   142.160004      m
  Turning on lamp           1
  Flux capteur          =   3.07615028E-19
  Flux capteur cumule   =   1.66719690E-18
 ==================================================
  Avancement le long de la ligne de visee :          32 /         205
  Hauteur de la cible   =   909.000000      m
  Epaisseur de la cible =   171.720001      m
  Turning on lamp           1
  Flux capteur          =   2.83078318E-19
  Flux capteur cumule   =   1.95027516E-18
 ==================================================
  Avancement le long de la ligne de visee :          33 /         205
  Hauteur de la cible   =   1098.57996      m
  Epaisseur de la cible =   207.440002      m
  Turning on lamp           1
  Flux capteur          =   2.88523519E-19
  Flux capteur cumule   =   2.23879866E-18
 ==================================================
  Avancement le long de la ligne de visee :          34 /         205
  Hauteur de la cible   =   1327.58997      m
  Epaisseur de la cible =   250.580002      m
  Turning on lamp           1
  Flux capteur          =   2.24962340E-19
  Flux capteur cumule   =   2.46376097E-18
 ==================================================
  Avancement le long de la ligne de visee :          35 /         205
  Hauteur de la cible   =   1604.22998      m
  Epaisseur de la cible =   302.700012      m
  Turning on lamp           1
  Flux capteur          =   2.12048138E-19
  Flux capteur cumule   =   2.67580913E-18
 ==================================================
  Avancement le long de la ligne de visee :          36 /         205
  Hauteur de la cible   =   1604.22998      m
  Epaisseur de la cible =   302.700012      m
  Turning on lamp           1
  Flux capteur          =   2.37379975E-19
  Flux capteur cumule   =   2.91318908E-18
 ==================================================
  Avancement le long de la ligne de visee :          37 /         205
  Hauteur de la cible   =   1938.41003      m
  Epaisseur de la cible =   365.660004      m
  Turning on lamp           1
  Flux capteur          =   1.94340695E-19
  Flux capteur cumule   =   3.10752979E-18
 ==================================================
  Avancement le long de la ligne de visee :          38 /         205
  Hauteur de la cible   =   1938.41003      m
  Epaisseur de la cible =   365.660004      m
  Turning on lamp           1
  Flux capteur          =   2.04627332E-19
  Flux capteur cumule   =   3.31215711E-18
 ==================================================
  Avancement le long de la ligne de visee :          39 /         205
  Hauteur de la cible   =   1938.41003      m
  Epaisseur de la cible =   365.660004      m
  Turning on lamp           1
  Flux capteur          =   2.18542617E-19
  Flux capteur cumule   =   3.53069968E-18
 ==================================================
  Avancement le long de la ligne de visee :          40 /         205
  Hauteur de la cible   =   2342.10010      m
  Epaisseur de la cible =   441.720001      m
  Turning on lamp           1
  Flux capteur          =   1.45375765E-19
  Flux capteur cumule   =   3.67607543E-18
 ==================================================
  Avancement le long de la ligne de visee :          41 /         205
  Hauteur de la cible   =   2342.10010      m
  Epaisseur de la cible =   441.720001      m
  Turning on lamp           1
  Flux capteur          =   1.61182540E-19
  Flux capteur cumule   =   3.83725777E-18
 ==================================================
  Avancement le long de la ligne de visee :          42 /         205
  Hauteur de la cible   =   2342.10010      m
  Epaisseur de la cible =   441.720001      m
  Turning on lamp           1
  Flux capteur          =   1.79664650E-19
  Flux capteur cumule   =   4.01692223E-18
 ==================================================
  Avancement le long de la ligne de visee :          43 /         205
  Hauteur de la cible   =   2829.76001      m
  Epaisseur de la cible =   533.599976      m
  Turning on lamp           1
  Flux capteur          =   1.49152142E-19
  Flux capteur cumule   =   4.16607448E-18
 ==================================================
  Avancement le long de la ligne de visee :          44 /         205
  Hauteur de la cible   =   2829.76001      m
  Epaisseur de la cible =   533.599976      m
  Turning on lamp           1
  Flux capteur          =   1.68504058E-19
  Flux capteur cumule   =   4.33457861E-18
 ==================================================
  Avancement le long de la ligne de visee :          45 /         205
  Hauteur de la cible   =   2829.76001      m
  Epaisseur de la cible =   533.599976      m
  Turning on lamp           1
  Flux capteur          =   1.72095896E-19
  Flux capteur cumule   =   4.50667436E-18
 ==================================================
  Avancement le long de la ligne de visee :          46 /         205
  Hauteur de la cible   =   2829.76001      m
  Epaisseur de la cible =   533.599976      m
  Turning on lamp           1
  Flux capteur          =   1.74915535E-19
  Flux capteur cumule   =   4.68158998E-18
 ==================================================
  Avancement le long de la ligne de visee :          47 /         205
  Hauteur de la cible   =   3418.85010      m
  Epaisseur de la cible =   644.580017      m
  Turning on lamp           1
  Flux capteur          =   1.65600822E-19
  Flux capteur cumule   =   4.84719071E-18
 ==================================================
  Avancement le long de la ligne de visee :          48 /         205
  Hauteur de la cible   =   3418.85010      m
  Epaisseur de la cible =   644.580017      m
  Turning on lamp           1
  Flux capteur          =   1.63484118E-19
  Flux capteur cumule   =   5.01067468E-18
 ==================================================
  Avancement le long de la ligne de visee :          49 /         205
  Hauteur de la cible   =   3418.85010      m
  Epaisseur de la cible =   644.580017      m
  Turning on lamp           1
  Flux capteur          =   1.55765864E-19
  Flux capteur cumule   =   5.16644065E-18
 ==================================================
  Avancement le long de la ligne de visee :          50 /         205
  Hauteur de la cible   =   3418.85010      m
  Epaisseur de la cible =   644.580017      m
  Turning on lamp           1
  Flux capteur          =   1.44669546E-19
  Flux capteur cumule   =   5.31110999E-18
 ==================================================
  Avancement le long de la ligne de visee :          51 /         205
  Hauteur de la cible   =   3418.85010      m
  Epaisseur de la cible =   644.580017      m
  Turning on lamp           1
  Flux capteur          =   1.36551854E-19
  Flux capteur cumule   =   5.44766179E-18
 ==================================================
  Avancement le long de la ligne de visee :          52 /         205
  Hauteur de la cible   =   4130.47021      m
  Epaisseur de la cible =   778.659973      m
  Turning on lamp           1
  Flux capteur          =   1.10670834E-19
  Flux capteur cumule   =   5.55833277E-18
 ==================================================
  Avancement le long de la ligne de visee :          53 /         205
  Hauteur de la cible   =   4130.47021      m
  Epaisseur de la cible =   778.659973      m
  Turning on lamp           1
  Flux capteur          =   1.04591735E-19
  Flux capteur cumule   =   5.66292438E-18
 ==================================================
  Avancement le long de la ligne de visee :          54 /         205
  Hauteur de la cible   =   4130.47021      m
  Epaisseur de la cible =   778.659973      m
  Turning on lamp           1
  Flux capteur          =   9.51669485E-20
  Flux capteur cumule   =   5.75809151E-18
 ==================================================
  Avancement le long de la ligne de visee :          55 /         205
  Hauteur de la cible   =   4130.47021      m
  Epaisseur de la cible =   778.659973      m
  Turning on lamp           1
  Flux capteur          =   8.52266933E-20
  Flux capteur cumule   =   5.84331800E-18
 ==================================================
  Avancement le long de la ligne de visee :          56 /         205
  Hauteur de la cible   =   4130.47021      m
  Epaisseur de la cible =   778.659973      m
  Turning on lamp           1
  Flux capteur          =   7.78885931E-20
  Flux capteur cumule   =   5.92120657E-18
 ==================================================
  Avancement le long de la ligne de visee :          57 /         205
  Hauteur de la cible   =   4990.10986      m
  Epaisseur de la cible =   940.619995      m
  Turning on lamp           1
  Flux capteur          =   6.92788385E-20
  Flux capteur cumule   =   5.99048542E-18
 ==================================================
  Avancement le long de la ligne de visee :          58 /         205
  Hauteur de la cible   =   4990.10986      m
  Epaisseur de la cible =   940.619995      m
  Turning on lamp           1
  Flux capteur          =   6.14362421E-20
  Flux capteur cumule   =   6.05192178E-18
 ==================================================
  Avancement le long de la ligne de visee :          59 /         205
  Hauteur de la cible   =   4990.10986      m
  Epaisseur de la cible =   940.619995      m
  Turning on lamp           1
  Flux capteur          =   5.51246214E-20
  Flux capteur cumule   =   6.10704634E-18
 ==================================================
  Avancement le long de la ligne de visee :          60 /         205
  Hauteur de la cible   =   4990.10986      m
  Epaisseur de la cible =   940.619995      m
  Turning on lamp           1
  Flux capteur          =   4.80915700E-20
  Flux capteur cumule   =   6.15513779E-18
 ==================================================
  Avancement le long de la ligne de visee :          61 /         205
  Hauteur de la cible   =   4990.10986      m
  Epaisseur de la cible =   940.619995      m
  Turning on lamp           1
  Flux capteur          =   4.13978209E-20
  Flux capteur cumule   =   6.19653570E-18
 ==================================================
  Avancement le long de la ligne de visee :          62 /         205
  Hauteur de la cible   =   4990.10986      m
  Epaisseur de la cible =   940.619995      m
  Turning on lamp           1
  Flux capteur          =   3.58039861E-20
  Flux capteur cumule   =   6.23233980E-18
 ==================================================
  Avancement le long de la ligne de visee :          63 /         205
  Hauteur de la cible   =   4990.10986      m
  Epaisseur de la cible =   940.619995      m
  Turning on lamp           1
  Flux capteur          =   2.97065632E-20
  Flux capteur cumule   =   6.26204634E-18
 ==================================================
  Avancement le long de la ligne de visee :          64 /         205
  Hauteur de la cible   =   6028.54980      m
  Epaisseur de la cible =   1136.26001      m
  Turning on lamp           1
  Flux capteur          =   3.00740511E-20
  Flux capteur cumule   =   6.29212056E-18
 ==================================================
  Avancement le long de la ligne de visee :          65 /         205
  Hauteur de la cible   =   6028.54980      m
  Epaisseur de la cible =   1136.26001      m
  Turning on lamp           1
  Flux capteur          =   2.47458560E-20
  Flux capteur cumule   =   6.31686649E-18
 ==================================================
  Avancement le long de la ligne de visee :          66 /         205
  Hauteur de la cible   =   6028.54980      m
  Epaisseur de la cible =   1136.26001      m
  Turning on lamp           1
  Flux capteur          =   2.05687604E-20
  Flux capteur cumule   =   6.33743516E-18
 ==================================================
  Avancement le long de la ligne de visee :          67 /         205
  Hauteur de la cible   =   6028.54980      m
  Epaisseur de la cible =   1136.26001      m
  Turning on lamp           1
  Flux capteur          =   1.70842394E-20
  Flux capteur cumule   =   6.35451934E-18
 ==================================================
  Avancement le long de la ligne de visee :          68 /         205
  Hauteur de la cible   =   6028.54980      m
  Epaisseur de la cible =   1136.26001      m
  Turning on lamp           1
  Flux capteur          =   1.36081793E-20
  Flux capteur cumule   =   6.36812770E-18
 ==================================================
  Avancement le long de la ligne de visee :          69 /         205
  Hauteur de la cible   =   6028.54980      m
  Epaisseur de la cible =   1136.26001      m
  Turning on lamp           1
  Flux capteur          =   1.11970003E-20
  Flux capteur cumule   =   6.37932483E-18
 ==================================================
  Avancement le long de la ligne de visee :          70 /         205
  Hauteur de la cible   =   6028.54980      m
  Epaisseur de la cible =   1136.26001      m
  Turning on lamp           1
  Flux capteur          =   9.29057922E-21
  Flux capteur cumule   =   6.38861531E-18
 ==================================================
  Avancement le long de la ligne de visee :          71 /         205
  Hauteur de la cible   =   6028.54980      m
  Epaisseur de la cible =   1136.26001      m
  Turning on lamp           1
  Flux capteur          =   7.32756653E-21
  Flux capteur cumule   =   6.39594289E-18
 ==================================================
  Avancement le long de la ligne de visee :          72 /         205
  Hauteur de la cible   =   7282.97998      m
  Epaisseur de la cible =   1372.59998      m
  Turning on lamp           1
  Flux capteur          =   8.22901568E-21
  Flux capteur cumule   =   6.40417210E-18
 ==================================================
  Avancement le long de la ligne de visee :          73 /         205
  Hauteur de la cible   =   7282.97998      m
  Epaisseur de la cible =   1372.59998      m
  Turning on lamp           1
  Flux capteur          =   6.87336763E-21
  Flux capteur cumule   =   6.41104555E-18
 ==================================================
  Avancement le long de la ligne de visee :          74 /         205
  Hauteur de la cible   =   7282.97998      m
  Epaisseur de la cible =   1372.59998      m
  Turning on lamp           1
  Flux capteur          =   5.37606814E-21
  Flux capteur cumule   =   6.41642181E-18
 ==================================================
  Avancement le long de la ligne de visee :          75 /         205
  Hauteur de la cible   =   7282.97998      m
  Epaisseur de la cible =   1372.59998      m
  Turning on lamp           1
  Flux capteur          =   4.60966470E-21
  Flux capteur cumule   =   6.42103128E-18
 ==================================================
  Avancement le long de la ligne de visee :          76 /         205
  Hauteur de la cible   =   7282.97998      m
  Epaisseur de la cible =   1372.59998      m
  Turning on lamp           1
  Flux capteur          =   3.83292595E-21
  Flux capteur cumule   =   6.42486402E-18
 ==================================================
  Avancement le long de la ligne de visee :          77 /         205
  Hauteur de la cible   =   7282.97998      m
  Epaisseur de la cible =   1372.59998      m
  Turning on lamp           1
  Flux capteur          =   2.95612096E-21
  Flux capteur cumule   =   6.42781995E-18
 ==================================================
  Avancement le long de la ligne de visee :          78 /         205
  Hauteur de la cible   =   7282.97998      m
  Epaisseur de la cible =   1372.59998      m
  Turning on lamp           1
  Flux capteur          =   2.46387418E-21
  Flux capteur cumule   =   6.43028371E-18
 ==================================================
  Avancement le long de la ligne de visee :          79 /         205
  Hauteur de la cible   =   7282.97998      m
  Epaisseur de la cible =   1372.59998      m
  Turning on lamp           1
  Flux capteur          =   2.02840640E-21
  Flux capteur cumule   =   6.43231195E-18
 ==================================================
  Avancement le long de la ligne de visee :          80 /         205
  Hauteur de la cible   =   7282.97998      m
  Epaisseur de la cible =   1372.59998      m
  Turning on lamp           1
  Flux capteur          =   1.54191828E-21
  Flux capteur cumule   =   6.43385382E-18
 ==================================================
  Avancement le long de la ligne de visee :          81 /         205
  Hauteur de la cible   =   7282.97998      m
  Epaisseur de la cible =   1372.59998      m
  Turning on lamp           1
  Flux capteur          =   1.29678797E-21
  Flux capteur cumule   =   6.43515042E-18
 ==================================================
  Avancement le long de la ligne de visee :          82 /         205
  Hauteur de la cible   =   8798.33008      m
  Epaisseur de la cible =   1658.09998      m
  Turning on lamp           1
  Flux capteur          =   1.73122561E-21
  Flux capteur cumule   =   6.43688171E-18
 ==================================================
  Avancement le long de la ligne de visee :          83 /         205
  Hauteur de la cible   =   8798.33008      m
  Epaisseur de la cible =   1658.09998      m
  Turning on lamp           1
  Flux capteur          =   1.36336268E-21
  Flux capteur cumule   =   6.43824491E-18
 ==================================================
  Avancement le long de la ligne de visee :          84 /         205
  Hauteur de la cible   =   8798.33008      m
  Epaisseur de la cible =   1658.09998      m
  Turning on lamp           1
  Flux capteur          =   1.17721675E-21
  Flux capteur cumule   =   6.43942198E-18
 ==================================================
  Avancement le long de la ligne de visee :          85 /         205
  Hauteur de la cible   =   8798.33008      m
  Epaisseur de la cible =   1658.09998      m
  Turning on lamp           1
  Flux capteur          =   1.01232377E-21
  Flux capteur cumule   =   6.44043445E-18
 ==================================================
  Avancement le long de la ligne de visee :          86 /         205
  Hauteur de la cible   =   8798.33008      m
  Epaisseur de la cible =   1658.09998      m
  Turning on lamp           1
  Flux capteur          =   8.84376234E-22
  Flux capteur cumule   =   6.44131871E-18
 ==================================================
  Avancement le long de la ligne de visee :          87 /         205
  Hauteur de la cible   =   8798.33008      m
  Epaisseur de la cible =   1658.09998      m
  Turning on lamp           1
  Flux capteur          =   7.59480999E-22
  Flux capteur cumule   =   6.44207806E-18
 ==================================================
  Avancement le long de la ligne de visee :          88 /         205
  Hauteur de la cible   =   8798.33008      m
  Epaisseur de la cible =   1658.09998      m
  Turning on lamp           1
  Flux capteur          =   6.56253816E-22
  Flux capteur cumule   =   6.44273443E-18
 ==================================================
  Avancement le long de la ligne de visee :          89 /         205
  Hauteur de la cible   =   8798.33008      m
  Epaisseur de la cible =   1658.09998      m
  Turning on lamp           1
  Flux capteur          =   5.77073335E-22
  Flux capteur cumule   =   6.44331139E-18
 ===================================================
           Total flux entering instrument (W)
                    0.644E-17
             Sky luminance (W/str/m**2)          
                    0.205E-06
   
 Interpolation flux errror=    1.24077092E-23
 ===================================================
